configuration                                    in-band    p95 G    max G
--------------------------------------------------------------------------
OPEN LOOP (no governor)                             0.0%     9.94    18.72
-- noiseless, bounded slew 0.05/step --
  Kp=  2/s, tau_d=2 s, noise=0                    100.0%     1.00     1.25
  Kp= 10/s, tau_d=2 s, noise=0                    100.0%     1.00     1.20
  Kp= 40/s, tau_d=2 s, noise=0                    100.0%     1.06     1.32
-- with 10% Gamma estimation noise --
  Kp=  2/s, tau_d=2 s, noise=0.10                 100.0%     1.03     1.09
  Kp= 10/s, tau_d=2 s, noise=0.10                  99.9%     1.10     1.27
  Kp= 40/s, tau_d=2 s, noise=0.10                  99.3%     1.11     1.32
-- delay sweep at Kp=10/s, noise=0.10 --
  tau_d=  0.5 s                                    99.9%     1.10     1.27
  tau_d=  2.0 s                                    99.9%     1.10     1.27
  tau_d=  5.0 s                                    99.9%     1.10     1.27
  tau_d= 10.0 s                                    99.9%     1.10     1.27
  tau_d= 20.0 s                                    99.9%     1.10     1.27
  tau_d= 40.0 s                                    99.9%     1.10     1.27
-- slew sweep at Kp=10/s, tau_d=5 s, noise=0.10 --
  max slew=0.50/step (10.0/s)                      98.6%     1.14     1.39
  max slew=0.20/step (4.0/s)                       98.7%     1.14     1.39
  max slew=0.10/step (2.0/s)                       99.3%     1.13     1.34
  max slew=0.05/step (1.0/s)                       99.9%     1.10     1.27
  max slew=0.02/step (0.4/s)                      100.0%     1.06     1.16
