==============================================================================
CLAIM: 'no floating-point drift' over a 150-meter sector
==============================================================================
  view-space depth range: [40.0, 190.0] m   all in front: True

  float64 vs float32 through the full MVP chain, error on a 1000-px axis:
     near     far     mean px      p99 px      max px
      0.1     500    2.15e-05    6.25e-05    9.45e-05
      0.5     500    2.29e-05    6.34e-05    8.64e-05
      1.0     500    2.24e-05    6.48e-05    9.74e-05
     0.01     500    2.35e-05    6.76e-05    9.95e-05
      0.1    5000    3.09e-05    8.03e-05    1.06e-04
    0.001    1000    2.41e-05    6.70e-05    9.36e-05

  => Screen-space error is ~2e-5 px across the whole 150 m sector and is INVARIANT
     to near/far. That invariance is not luck: near/far scales only the z column of
     the projection, and the perspective divide cancels it in x and y. So near/far
     cannot affect screen-space xy accuracy at all.

     What near/far DOES affect is depth-buffer resolution (z-fighting) -- and
     gaussian splatting has no depth buffer, it alpha-blends in sorted order. For a
     splatter the near plane is therefore close to a free parameter, which is a nice
     property worth stating explicitly rather than leaving implicit.

     Verdict: 'no floating-point drift' HOLDS for screen-space geometry at this
     scale. float32 ULP at 150 m is 15 micrometres. The real determinism hazard is
     elsewhere -- the float->uint32 depth key conversion, and whether depth is
     quantised to an integer BEFORE sorting (if it is, the sort is bit-identical
     across platforms even though the float32 view math is not guaranteed to be).
==============================================================================
CLAIM: fixed 4-pass bit-inversion radix sort, O(n), n = 107k
==============================================================================
  float->uint32 bit inversion verified monotone against a float32 sort.
  4 passes on the full 32-bit float key             24.1 ms   fully sorted = True
  2 passes on a true 16-bit depth key               11.8 ms   fully sorted = True
  2 passes on 32-bit keys (WRONG -- see note)       18.1 ms   fully sorted = False
  numpy stable argsort (compiled C)               8.8 ms

  Note the third line: running only 2 of the 4 LSD passes over a 32-bit key yields a
  VALID PERMUTATION that is NOT sorted. It fails silently -- nothing raises, the
  output looks plausible, and the render merely looks subtly wrong. If the pass count
  is ever made configurable or keyed to a bit width, assert on the sortedness of the
  result in debug builds. This is the sort bug that is worth worrying about, and it is
  not the one about scatter vs gather.

  A vectorised numpy counting sort clears 4 passes over 107k keys in milliseconds, and
  compiled C/WASM or a GPU counting sort is faster still. So a 122 ms figure CANNOT be
  the per-frame sort. It is either cold start (shader compile + buffer upload + first
  frame) or it includes work beyond sorting. Which one matters a lot:
    - if 122 ms is the per-frame sort, the frame budget at 60 fps is 16.7 ms and the
      renderer is ~7x over, i.e. ~8 fps;
    - if 122 ms is cold start, steady-state framerate is essentially unconstrained by
      the sort and 107k splats is a comfortable load.
  The claim should say which. 'Materialising in 122 ms' reads as cold start, but
  'respecting the metal' reads as per-frame, and the two imply opposite headroom.
==============================================================================
CLAIM: 'seed(s) == emission(t)' as bounded determinism
==============================================================================

  Holds for the parts that are integer, fails for the parts that are not:
    STABLE  : the radix sort (stable, on integer keys) -> identical permutation
              on any platform, given identical keys.
    STABLE  : bilerp over an integer heightfield, if the interpolation weights are
              computed identically.
    NOT STABLE: the view matrix and the depth key. Those come from float32 mul/add,
              and WebGL2 does NOT guarantee rounding mode, FMA contraction, or
              transcendental accuracy across drivers. Two GPUs can produce depths
              that differ by 1 ULP, which can flip the order of two nearly-equal
              splats.
  The fix is the one already implied by the design: QUANTISE depth to an integer
  grid before sorting. Then the sort is a function of integers end to end and
  seed->emission is genuinely deterministic; the residual nondeterminism is a
  sub-ULP wobble in which quantisation bin a depth lands in, which is invisible.
  Without that quantisation step the creed is aspirational, not enforced.
